[www.shaadipath.com/api/preview/guesta24d.html]
[pub-1cc0f6e993214be9a36badeeb631f4b6.r2.dev/templates/template09/assets/Demo/Arch_demo.png]
[pub-1cc0f6e993214be9a36badeeb631f4b6.r2.dev/templates/template09/assets/Demo/landscape_demo.png]
[backblue.gif]
[fade.gif]
[index.html]
[pub-1cc0f6e993214be9a36badeeb631f4b6.r2.dev/templates/template09/script.js]
[www.shaadipath.com/api/preview/guesta24d.html]
[pub-1cc0f6e993214be9a36badeeb631f4b6.r2.dev/templates/template09/assets/invite/pn-inv-bg-panel-m-v01.webp]
[pub-1cc0f6e993214be9a36badeeb631f4b6.r2.dev/templates/template09/assets/invite/Bird_frames.webp]
[pub-1cc0f6e993214be9a36badeeb631f4b6.r2.dev/templates/template09/assets/shared/pn-tex-ovl-watercolor-rose-x-v01.webp]
[pub-1cc0f6e993214be9a36badeeb631f4b6.r2.dev/templates/template09/assets/gallery/pn-gal-bg-hanging-courtyard-m-v01.webp]
[pub-1cc0f6e993214be9a36badeeb631f4b6.r2.dev/templates/template09/assets/rsvp/pn-rsvp-bg-royal-finale-m-v01.webp]
[pub-1cc0f6e993214be9a36badeeb631f4b6.r2.dev/templates/template09/assets/meet_the_couple/pn-cpl-bg-secret-garden-m-v01.webp]
[pub-1cc0f6e993214be9a36badeeb631f4b6.r2.dev/templates/template09/assets/meet_the_couple/pn-cpl-ovl-tree-left-m-v01.webp]
[pub-1cc0f6e993214be9a36badeeb631f4b6.r2.dev/templates/template09/assets/meet_the_couple/pn-cpl-ovl-tree-right-m-v01.webp]
[pub-1cc0f6e993214be9a36badeeb631f4b6.r2.dev/templates/template09/assets/invite/pn-inv-bg-panel-d-v01.webp]
[pub-1cc0f6e993214be9a36badeeb631f4b6.r2.dev/templates/template09/assets/invite/pn-inv-fr-card-d-v01.webp]
[pub-1cc0f6e993214be9a36badeeb631f4b6.r2.dev/templates/template09/assets/meet_the_couple/pn-cpl-bg-secret-garden-d-v01.webp]
[pub-1cc0f6e993214be9a36badeeb631f4b6.r2.dev/templates/template09/assets/gallery/pn-gal-bg-hanging-courtyard-d-v01.webp]
[pub-1cc0f6e993214be9a36badeeb631f4b6.r2.dev/templates/template09/assets/rsvp/pn-rsvp-bg-royal-finale-d-v01.webp]
[pub-1cc0f6e993214be9a36badeeb631f4b6.r2.dev/templates/template09/style.css]
[pub-1cc0f6e993214be9a36badeeb631f4b6.r2.dev/templates/template09/assets/event/pn-evt-crd-plaque-m-v01.html]
